--- Testing Tiling Action on matmul Kernel ---

Original Code:
module {
  func.func private @nanoTime() -> i64 attributes {llvm.emit_c_interface}
  func.func @main(%arg0: tensor<128x256xf64>, %arg1: tensor<256x128xf64>, %arg2: tensor<128x128xf64>) -> (tensor<128x128xf64>, i64) attributes {llvm.emit_c_interface} {
    %0 = call @nanoTime() : () -> i64
    %1 = linalg.matmul {tag = "operation_0"} ins(%arg0, %arg1 : tensor<128x256xf64>, tensor<256x128xf64>) outs(%arg2 : tensor<128x128xf64>) -> tensor<128x128xf64>
    %2 = call @nanoTime() : () -> i64
    %3 = arith.subi %2, %0 : i64
    return %1, %3 : tensor<128x128xf64>, i64
  }
}


Using Parameters: {'tile_sizes': [8, 8]}

Transformed Code:
module {
  func.func private @nanoTime() -> i64 attributes {llvm.emit_c_interface}
  func.func @main(%arg0: tensor<128x256xf64>, %arg1: tensor<256x128xf64>, %arg2: tensor<128x128xf64>) -> (tensor<128x128xf64>, i64) attributes {llvm.emit_c_interface} {
    %0 = call @nanoTime() : () -> i64
    %c0 = arith.constant 0 : index
    %c128 = arith.constant 128 : index
    %c8 = arith.constant 8 : index
    %1 = scf.for %arg3 = %c0 to %c128 step %c8 iter_args(%arg4 = %arg2) -> (tensor<128x128xf64>) {
      %c0_0 = arith.constant 0 : index
      %c128_1 = arith.constant 128 : index
      %c8_2 = arith.constant 8 : index
      %4 = scf.for %arg5 = %c0_0 to %c128_1 step %c8_2 iter_args(%arg6 = %arg4) -> (tensor<128x128xf64>) {
        %extracted_slice = tensor.extract_slice %arg0[%arg3, 0] [8, 256] [1, 1] : tensor<128x256xf64> to tensor<8x256xf64>
        %extracted_slice_3 = tensor.extract_slice %arg1[0, %arg5] [256, 8] [1, 1] : tensor<256x128xf64> to tensor<256x8xf64>
        %extracted_slice_4 = tensor.extract_slice %arg6[%arg3, %arg5] [8, 8] [1, 1] : tensor<128x128xf64> to tensor<8x8xf64>
        %5 = linalg.matmul {tag = "operation_0"} ins(%extracted_slice, %extracted_slice_3 : tensor<8x256xf64>, tensor<256x8xf64>) outs(%extracted_slice_4 : tensor<8x8xf64>) -> tensor<8x8xf64>
        %inserted_slice = tensor.insert_slice %5 into %arg6[%arg3, %arg5] [8, 8] [1, 1] : tensor<8x8xf64> into tensor<128x128xf64>
        scf.yield %inserted_slice : tensor<128x128xf64>
      }
      scf.yield %4 : tensor<128x128xf64>
    }
    %2 = call @nanoTime() : () -> i64
    %3 = arith.subi %2, %0 : i64
    return %1, %3 : tensor<128x128xf64>, i64
  }
}


Postcondition satisfied: Tiling applied successfully.
================================================================================

--- Testing Tiling Action on conv2d Kernel ---

Original Code:
module {
  func.func private @nanoTime() -> i64 attributes {llvm.emit_c_interface}
  func.func @main(%arg0: tensor<128x32x7x7xf64>, %arg1: tensor<256x32x1x1xf64>, %arg2: tensor<128x256x7x7xf64>) -> (tensor<128x256x7x7xf64>, i64) attributes {llvm.emit_c_interface} {
    %0 = call @nanoTime() : () -> i64
    %1 = linalg.conv_2d_nchw_fchw {dilations = dense<1> : tensor<2xi64>, strides = dense<1> : tensor<2xi64>, tag = "operation_0"} ins(%arg0, %arg1 : tensor<128x32x7x7xf64>, tensor<256x32x1x1xf64>) outs(%arg2 : tensor<128x256x7x7xf64>) -> tensor<128x256x7x7xf64>
    %2 = call @nanoTime() : () -> i64
    %3 = arith.subi %2, %0 : i64
    return %1, %3 : tensor<128x256x7x7xf64>, i64
  }
}


Using Parameters: {'tile_sizes': [8, 8, 4, 4]}

Transformed Code:
#map = affine_map<(d0) -> (4, -d0 + 7)>
#map1 = affine_map<(d0) -> (d0 - 1)>
module {
  func.func private @nanoTime() -> i64 attributes {llvm.emit_c_interface}
  func.func @main(%arg0: tensor<128x32x7x7xf64>, %arg1: tensor<256x32x1x1xf64>, %arg2: tensor<128x256x7x7xf64>) -> (tensor<128x256x7x7xf64>, i64) attributes {llvm.emit_c_interface} {
    %0 = call @nanoTime() : () -> i64
    %c0 = arith.constant 0 : index
    %c128 = arith.constant 128 : index
    %c8 = arith.constant 8 : index
    %1 = scf.for %arg3 = %c0 to %c128 step %c8 iter_args(%arg4 = %arg2) -> (tensor<128x256x7x7xf64>) {
      %c0_0 = arith.constant 0 : index
      %c256 = arith.constant 256 : index
      %c8_1 = arith.constant 8 : index
      %4 = scf.for %arg5 = %c0_0 to %c256 step %c8_1 iter_args(%arg6 = %arg4) -> (tensor<128x256x7x7xf64>) {
        %c0_2 = arith.constant 0 : index
        %c7 = arith.constant 7 : index
        %c4 = arith.constant 4 : index
        %5 = scf.for %arg7 = %c0_2 to %c7 step %c4 iter_args(%arg8 = %arg6) -> (tensor<128x256x7x7xf64>) {
          %c0_3 = arith.constant 0 : index
          %c7_4 = arith.constant 7 : index
          %c4_5 = arith.constant 4 : index
          %6 = scf.for %arg9 = %c0_3 to %c7_4 step %c4_5 iter_args(%arg10 = %arg8) -> (tensor<128x256x7x7xf64>) {
            %c7_6 = arith.constant 7 : index
            %7 = affine.min #map(%arg7)
            %c7_7 = arith.constant 7 : index
            %8 = affine.min #map(%arg9)
            %9 = affine.apply #map1(%7)
            %10 = affine.apply #map1(%8)
            %11 = affine.apply #map1(%7)
            %12 = affine.apply #map1(%8)
            %13 = affine.apply #map1(%7)
            %14 = affine.apply #map1(%8)
            %extracted_slice = tensor.extract_slice %arg0[%arg3, 0, %arg7, %arg9] [8, 32, %7, %8] [1, 1, 1, 1] : tensor<128x32x7x7xf64> to tensor<8x32x?x?xf64>
            %extracted_slice_8 = tensor.extract_slice %arg1[%arg5, 0, 0, 0] [8, 32, 1, 1] [1, 1, 1, 1] : tensor<256x32x1x1xf64> to tensor<8x32x1x1xf64>
            %extracted_slice_9 = tensor.extract_slice %arg10[%arg3, %arg5, %arg7, %arg9] [8, 8, %7, %8] [1, 1, 1, 1] : tensor<128x256x7x7xf64> to tensor<8x8x?x?xf64>
            %15 = linalg.conv_2d_nchw_fchw {dilations = dense<1> : tensor<2xi64>, strides = dense<1> : tensor<2xi64>, tag = "operation_0"} ins(%extracted_slice, %extracted_slice_8 : tensor<8x32x?x?xf64>, tensor<8x32x1x1xf64>) outs(%extracted_slice_9 : tensor<8x8x?x?xf64>) -> tensor<8x8x?x?xf64>
            %16 = affine.apply #map1(%7)
            %17 = affine.apply #map1(%8)
            %18 = affine.apply #map1(%7)
            %19 = affine.apply #map1(%8)
            %inserted_slice = tensor.insert_slice %15 into %arg10[%arg3, %arg5, %arg7, %arg9] [8, 8, %7, %8] [1, 1, 1, 1] : tensor<8x8x?x?xf64> into tensor<128x256x7x7xf64>
            scf.yield %inserted_slice : tensor<128x256x7x7xf64>
          }
          scf.yield %6 : tensor<128x256x7x7xf64>
        }
        scf.yield %5 : tensor<128x256x7x7xf64>
      }
      scf.yield %4 : tensor<128x256x7x7xf64>
    }
    %2 = call @nanoTime() : () -> i64
    %3 = arith.subi %2, %0 : i64
    return %1, %3 : tensor<128x256x7x7xf64>, i64
  }
}


Postcondition satisfied: Tiling applied successfully.
================================================================================

--- Testing Tiling Action on generic Kernel ---

Original Code:
module {
  func.func private @nanoTime() -> i64 attributes {llvm.emit_c_interface}
  func.func @main(
    %arg0: tensor<8x8x16x8x32xf64>,
    %arg1: tensor<8x8x16x8x32xf64>
  ) -> (tensor<8x8x16x8x32xf64>, i64) attributes {llvm.emit_c_interface} {
    %t0 = call @nanoTime() : () -> i64
    %out = linalg.generic {
      indexing_maps = [
        affine_map<(a,b,c,d,e) -> (a,b,c,d,e)>,
        affine_map<(a,b,c,d,e) -> (a,b,c,d,e)>
      ],
      iterator_types = ["parallel", "parallel", "parallel", "parallel", "parallel"],
      tag = "operation_0"
    } ins(%arg0 : tensor<8x8x16x8x32xf64>)
      outs(%arg1 : tensor<8x8x16x8x32xf64>) {
      ^bb0(%in: f64, %acc: f64):
        %sum = arith.addf %acc, %in : f64
        linalg.yield %sum : f64
    } -> tensor<8x8x16x8x32xf64>
    %t1 = call @nanoTime() : () -> i64
    %dt = arith.subi %t1, %t0 : i64
    return %out, %dt : tensor<8x8x16x8x32xf64>, i64
  }
}

Using Parameters: {'tile_sizes': [4, 4]}

Transformed Code:
#map = affine_map<(d0, d1, d2, d3, d4) -> (d0, d1, d2, d3, d4)>
module {
  func.func private @nanoTime() -> i64 attributes {llvm.emit_c_interface}
  func.func @main(%arg0: tensor<8x8x16x8x32xf64>, %arg1: tensor<8x8x16x8x32xf64>) -> (tensor<8x8x16x8x32xf64>, i64) attributes {llvm.emit_c_interface} {
    %0 = call @nanoTime() : () -> i64
    %c0 = arith.constant 0 : index
    %c8 = arith.constant 8 : index
    %c4 = arith.constant 4 : index
    %1 = scf.for %arg2 = %c0 to %c8 step %c4 iter_args(%arg3 = %arg1) -> (tensor<8x8x16x8x32xf64>) {
      %c0_0 = arith.constant 0 : index
      %c8_1 = arith.constant 8 : index
      %c4_2 = arith.constant 4 : index
      %4 = scf.for %arg4 = %c0_0 to %c8_1 step %c4_2 iter_args(%arg5 = %arg3) -> (tensor<8x8x16x8x32xf64>) {
        %extracted_slice = tensor.extract_slice %arg0[%arg2, %arg4, 0, 0, 0] [4, 4, 16, 8, 32] [1, 1, 1, 1, 1] : tensor<8x8x16x8x32xf64> to tensor<4x4x16x8x32xf64>
        %extracted_slice_3 = tensor.extract_slice %arg5[%arg2, %arg4, 0, 0, 0] [4, 4, 16, 8, 32] [1, 1, 1, 1, 1] : tensor<8x8x16x8x32xf64> to tensor<4x4x16x8x32xf64>
        %5 = linalg.generic {indexing_maps = [#map, #map], iterator_types = ["parallel", "parallel", "parallel", "parallel", "parallel"]} ins(%extracted_slice : tensor<4x4x16x8x32xf64>) outs(%extracted_slice_3 : tensor<4x4x16x8x32xf64>) attrs =  {tag = "operation_0"} {
        ^bb0(%in: f64, %out: f64):
          %6 = arith.addf %out, %in : f64
          linalg.yield %6 : f64
        } -> tensor<4x4x16x8x32xf64>
        %inserted_slice = tensor.insert_slice %5 into %arg5[%arg2, %arg4, 0, 0, 0] [4, 4, 16, 8, 32] [1, 1, 1, 1, 1] : tensor<4x4x16x8x32xf64> into tensor<8x8x16x8x32xf64>
        scf.yield %inserted_slice : tensor<8x8x16x8x32xf64>
      }
      scf.yield %4 : tensor<8x8x16x8x32xf64>
    }
    %2 = call @nanoTime() : () -> i64
    %3 = arith.subi %2, %0 : i64
    return %1, %3 : tensor<8x8x16x8x32xf64>, i64
  }
}


Postcondition satisfied: Tiling applied successfully.
================================================================================

